

# Geocoding a csv column of "addresses" in R

#load ggmap
library(ggmap)
Loading required package: ggplot2
Google Maps API Terms of Service: http://developers.google.com/maps/terms.
Please cite ggmap if you use it: see citation('ggmap') for details.
Warning message:
package ‘ggplot2’ was built under R version 3.3.2 
> 
> # Select the file from the file chooser
> fileToLoad <- file.choose(new = TRUE)
> 
> # Read in the CSV data and store it in a variable 
> origAddress <- read.csv(fileToLoad, stringsAsFactors = FALSE)
> 
# Initialize the data frame
geocoded <- data.frame(stringsAsFactors = FALSE)

# Loop through the addresses to get the latitude and longitude of each address and add it to the

# origAddress data frame in new columns lat and lon

for(i in 1:nrow(origAddress))
{
# Print("Working...")
result <- geocode(origAddress$addresses[i], output = "latlona", source = "google")
+   origAddress$lon[i] <- as.numeric(result[1])
+   origAddress$lat[i] <- as.numeric(result[2])
+   origAddress$geoAddress[i] <- as.character(result[3])
+ }
Error: is.character(location) is not TRUE
> # Write a CSV file containing origAddress to the working directory
> write.csv(origAddress, "geocoded.csv", row.names=FALSE)
> # Geocoding a csv column of "addresses" in R
> 
> #load ggmap
> library(ggmap)
> 
> # Select the file from the file chooser
> fileToLoad <- file.choose(new = TRUE)
> 
> # Read in the CSV data and store it in a variable 
> origAddress <- read.csv(fileToLoad, stringsAsFactors = FALSE)
> 
> # Initialize the data frame
> geocoded <- data.frame(stringsAsFactors = FALSE)
> 
> # Loop through the addresses to get the latitude and longitude of each address and add it to the
> # origAddress data frame in new columns lat and lon
> for(i in 1:nrow(origAddress))
+ {
+   # Print("Working...")
+   result <- geocode(origAddress$addresses[i], output = "latlona", source = "google")
+   origAddress$lon[i] <- as.numeric(result[1])
+   origAddress$lat[i] <- as.numeric(result[2])
+   origAddress$geoAddress[i] <- as.character(result[3])
+ }
Error: is.character(location) is not TRUE
> # Write a CSV file containing origAddress to the working directory
> write.csv(origAddress, "/Users/wkerneck/Desktop/geocoded.csv", row.names=FALSE)
> # Geocoding a csv column of "addresses" in R
> 
> #load ggmap
> library(ggmap)
> 
> # Select the file from the file chooser
> fileToLoad <- file.choose(new = TRUE)
Error in file.choose(new = TRUE) : file choice cancelled
> 
> # Read in the CSV data and store it in a variable 
> origAddress <- read.csv(fileToLoad, stringsAsFactors = FALSE)
> 
> # Initialize the data frame
> geocoded <- data.frame(stringsAsFactors = FALSE)
> 
> # Loop through the addresses to get the latitude and longitude of each address and add it to the
> # origAddress data frame in new columns lat and lon
> for(i in 1:nrow(origAddress))
+ {
+   # Print("Working...")
+   result <- geocode(origAddress$addresses[i], output = "latlona", source = "google")
+   origAddress$lon[i] <- as.numeric(result[1])
+   origAddress$lat[i] <- as.numeric(result[2])
+   origAddress$geoAddress[i] <- as.character(result[3])
+ }
Error: is.character(location) is not TRUE
> # Write a CSV file containing origAddress to the working directory
> write.csv(origAddress, "/Users/wkerneck/Desktop/geocoded.csv", row.names=FALSE)
> 